=== baseline run (rc=0) ===

[warn] failed to parse internal time; fallback wall_s=17.152512

=== prio run (rc=0) ===

[stderr]
L1_PRIO_SET_FAILED rc=1 errno=1 (Operation not permitted)
L1_PRIO_SET_FAILED rc=1 errno=1 (Operation not permitted)
L1_PRIO_SET_FAILED rc=1 errno=1 (Operation not permitted)
L1_PRIO_SET_FAILED rc=1 errno=1 (Operation not permitted)
L1_PRIO_SET_FAILED rc=1 errno=1 (Operation not permitted)
L1_PRIO_SET_FAILED rc=1 errno=1 (Operation not permitted)
L1_PRIO_SET_FAILED rc=1 errno=1 (Operation not permitted)
L1_PRIO_SET_FAILED rc=1 errno=1 (Operation not permitted)
L1_PRIO_SET_FAILED rc=1 errno=1 (Operation not permitted)
L1_PRIO_SET_FAILED rc=1 errno=1 (Operation not permitted)
L1_PRIO_SET_FAILED rc=1 errno=1 (Operation not permitted)
L1_PRIO_SET_FAILED rc=1 errno=1 (Operation not permitted)
L1_PRIO_SET_FAILED rc=1 errno=1 (Operation not permitted)
L1_PRIO_SET_FAILED rc=1 errno=1 (Operation not permitted)
L1_PRIO_SET_FAILED rc=1 errno=1 (Operation not permitted)
L1_PRIO_SET_FAILED rc=1 errno=1 (Operation not permitted)

[warn] failed to parse internal time; fallback wall_s=18.395616

