2026-03-21 03:08:03,938 [INFO] 加载配置文件: /home/firefly/Desktop/ScratchDAG/tools/runtime_compare/配置文件/zhang3_5algo_ws10_r10_cpu01_sudo.json
2026-03-21 03:08:03,940 [INFO] 断点续跑: 禁用
2026-03-21 03:08:03,940 [INFO] 排队模式: 启用
2026-03-21 03:08:03,946 [INFO] 从配置文件加载了 5 个任务
2026-03-21 03:08:03,947 [INFO] 已添加任务: cpf_source_original_vs_source_instrumented_2026-03-21T03-08-03+00-00_20f0215d
2026-03-21 03:08:03,947 [INFO] 任务 cpf_source_original_vs_source_instrumented_2026-03-21T03-08-03+00-00_20f0215d: running - setup - 
2026-03-21 03:08:03,948 [INFO] 已添加任务: heft_source_original_vs_source_instrumented_2026-03-21T03-08-03+00-00_3f51d484
2026-03-21 03:08:03,952 [INFO] 已添加任务: zhao2020_source_original_vs_source_instrumented_2026-03-21T03-08-03+00-00_43146a0b
2026-03-21 03:08:03,953 [INFO] 已添加任务: wcet_first_source_original_vs_source_instrumented_2026-03-21T03-08-03+00-00_d04e82b3
2026-03-21 03:08:03,954 [INFO] 已添加任务: t_level_source_original_vs_source_instrumented_2026-03-21T03-08-03+00-00_b0e5937f
2026-03-21 03:08:03,954 [INFO] 等待所有任务完成...
2026-03-21 03:08:03,989 [INFO] 任务 cpf_source_original_vs_source_instrumented_2026-03-21T03-08-03+00-00_20f0215d: running - copy - 
2026-03-21 03:08:04,006 [INFO] 任务 cpf_source_original_vs_source_instrumented_2026-03-21T03-08-03+00-00_20f0215d: running - compile - 
2026-03-21 03:08:04,460 [INFO] 任务 cpf_source_original_vs_source_instrumented_2026-03-21T03-08-03+00-00_20f0215d: running - compile - 
2026-03-21 03:08:04,998 [INFO] 任务 cpf_source_original_vs_source_instrumented_2026-03-21T03-08-03+00-00_20f0215d: running - compile - 
2026-03-21 03:08:05,000 [INFO] 任务 cpf_source_original_vs_source_instrumented_2026-03-21T03-08-03+00-00_20f0215d: running - run - 
2026-03-21 03:08:05,379 [INFO] 任务 cpf_source_original_vs_source_instrumented_2026-03-21T03-08-03+00-00_20f0215d: running - run - 
2026-03-21 03:08:05,756 [INFO] 任务 cpf_source_original_vs_source_instrumented_2026-03-21T03-08-03+00-00_20f0215d: running - run - 
2026-03-21 03:08:06,095 [INFO] 任务 cpf_source_original_vs_source_instrumented_2026-03-21T03-08-03+00-00_20f0215d: running - run - 
2026-03-21 03:08:06,422 [INFO] 任务 cpf_source_original_vs_source_instrumented_2026-03-21T03-08-03+00-00_20f0215d: running - run - 
2026-03-21 03:08:06,747 [INFO] 任务 cpf_source_original_vs_source_instrumented_2026-03-21T03-08-03+00-00_20f0215d: running - run - 
2026-03-21 03:08:07,074 [INFO] 任务 cpf_source_original_vs_source_instrumented_2026-03-21T03-08-03+00-00_20f0215d: running - run - 
2026-03-21 03:08:07,408 [INFO] 任务 cpf_source_original_vs_source_instrumented_2026-03-21T03-08-03+00-00_20f0215d: running - run - 
2026-03-21 03:08:07,774 [INFO] 任务 cpf_source_original_vs_source_instrumented_2026-03-21T03-08-03+00-00_20f0215d: running - run - 
2026-03-21 03:08:08,112 [INFO] 任务 cpf_source_original_vs_source_instrumented_2026-03-21T03-08-03+00-00_20f0215d: running - run - 
2026-03-21 03:08:08,442 [INFO] 任务 cpf_source_original_vs_source_instrumented_2026-03-21T03-08-03+00-00_20f0215d: running - run - 
2026-03-21 03:08:08,778 [INFO] 任务 cpf_source_original_vs_source_instrumented_2026-03-21T03-08-03+00-00_20f0215d: running - run - 
2026-03-21 03:08:09,186 [INFO] 任务 cpf_source_original_vs_source_instrumented_2026-03-21T03-08-03+00-00_20f0215d: running - run - 
2026-03-21 03:08:09,515 [INFO] 任务 cpf_source_original_vs_source_instrumented_2026-03-21T03-08-03+00-00_20f0215d: running - run - 
2026-03-21 03:08:09,851 [INFO] 任务 cpf_source_original_vs_source_instrumented_2026-03-21T03-08-03+00-00_20f0215d: running - run - 
2026-03-21 03:08:10,179 [INFO] 任务 cpf_source_original_vs_source_instrumented_2026-03-21T03-08-03+00-00_20f0215d: running - run - 
2026-03-21 03:08:10,506 [INFO] 任务 cpf_source_original_vs_source_instrumented_2026-03-21T03-08-03+00-00_20f0215d: running - run - 
2026-03-21 03:08:10,843 [INFO] 任务 cpf_source_original_vs_source_instrumented_2026-03-21T03-08-03+00-00_20f0215d: running - run - 
2026-03-21 03:08:11,229 [INFO] 任务 cpf_source_original_vs_source_instrumented_2026-03-21T03-08-03+00-00_20f0215d: running - run - 
2026-03-21 03:08:11,562 [INFO] 任务 cpf_source_original_vs_source_instrumented_2026-03-21T03-08-03+00-00_20f0215d: running - run - 
2026-03-21 03:08:11,888 [INFO] 任务 cpf_source_original_vs_source_instrumented_2026-03-21T03-08-03+00-00_20f0215d: running - run - 
2026-03-21 03:08:11,894 [INFO] 任务 cpf_source_original_vs_source_instrumented_2026-03-21T03-08-03+00-00_20f0215d: done - done - 完成：baseline mean=0.315s, prio mean=0.326s
2026-03-21 03:08:11,895 [INFO] 任务 cpf_source_original_vs_source_instrumented_2026-03-21T03-08-03+00-00_20f0215d 完成: 完成：baseline mean=0.315s, prio mean=0.326s
2026-03-21 03:08:11,896 [INFO] 结果目录: /home/firefly/Desktop/ScratchDAG/experiment/第四次实验结果/rk3588/rough_zhang3_ws10_r10/zhang3_5algo_ws10_r10_cpu01_sudo/2026-03-21T03-08-03+00-00_ws10_r10
2026-03-21 03:08:11,896 [INFO] 任务 t_level_source_original_vs_source_instrumented_2026-03-21T03-08-03+00-00_b0e5937f: running - setup - 
2026-03-21 03:08:11,916 [INFO] 任务 t_level_source_original_vs_source_instrumented_2026-03-21T03-08-03+00-00_b0e5937f: running - copy - 
2026-03-21 03:08:11,926 [INFO] 任务 t_level_source_original_vs_source_instrumented_2026-03-21T03-08-03+00-00_b0e5937f: running - compile - 
2026-03-21 03:08:12,426 [INFO] 任务 t_level_source_original_vs_source_instrumented_2026-03-21T03-08-03+00-00_b0e5937f: running - compile - 
2026-03-21 03:08:13,009 [INFO] 任务 t_level_source_original_vs_source_instrumented_2026-03-21T03-08-03+00-00_b0e5937f: running - compile - 
2026-03-21 03:08:13,010 [INFO] 任务 t_level_source_original_vs_source_instrumented_2026-03-21T03-08-03+00-00_b0e5937f: running - run - 
2026-03-21 03:08:13,359 [INFO] 任务 t_level_source_original_vs_source_instrumented_2026-03-21T03-08-03+00-00_b0e5937f: running - run - 
2026-03-21 03:08:13,692 [INFO] 任务 t_level_source_original_vs_source_instrumented_2026-03-21T03-08-03+00-00_b0e5937f: running - run - 
2026-03-21 03:08:14,017 [INFO] 任务 t_level_source_original_vs_source_instrumented_2026-03-21T03-08-03+00-00_b0e5937f: running - run - 
2026-03-21 03:08:14,400 [INFO] 任务 t_level_source_original_vs_source_instrumented_2026-03-21T03-08-03+00-00_b0e5937f: running - run - 
2026-03-21 03:08:14,732 [INFO] 任务 t_level_source_original_vs_source_instrumented_2026-03-21T03-08-03+00-00_b0e5937f: running - run - 
2026-03-21 03:08:15,094 [INFO] 任务 t_level_source_original_vs_source_instrumented_2026-03-21T03-08-03+00-00_b0e5937f: running - run - 
2026-03-21 03:08:15,423 [INFO] 任务 t_level_source_original_vs_source_instrumented_2026-03-21T03-08-03+00-00_b0e5937f: running - run - 
2026-03-21 03:08:15,753 [INFO] 任务 t_level_source_original_vs_source_instrumented_2026-03-21T03-08-03+00-00_b0e5937f: running - run - 
2026-03-21 03:08:16,085 [INFO] 任务 t_level_source_original_vs_source_instrumented_2026-03-21T03-08-03+00-00_b0e5937f: running - run - 
2026-03-21 03:08:16,456 [INFO] 任务 t_level_source_original_vs_source_instrumented_2026-03-21T03-08-03+00-00_b0e5937f: running - run - 
2026-03-21 03:08:16,779 [INFO] 任务 t_level_source_original_vs_source_instrumented_2026-03-21T03-08-03+00-00_b0e5937f: running - run - 
2026-03-21 03:08:17,163 [INFO] 任务 t_level_source_original_vs_source_instrumented_2026-03-21T03-08-03+00-00_b0e5937f: running - run - 
2026-03-21 03:08:17,486 [INFO] 任务 t_level_source_original_vs_source_instrumented_2026-03-21T03-08-03+00-00_b0e5937f: running - run - 
2026-03-21 03:08:17,817 [INFO] 任务 t_level_source_original_vs_source_instrumented_2026-03-21T03-08-03+00-00_b0e5937f: running - run - 
2026-03-21 03:08:18,148 [INFO] 任务 t_level_source_original_vs_source_instrumented_2026-03-21T03-08-03+00-00_b0e5937f: running - run - 
2026-03-21 03:08:18,478 [INFO] 任务 t_level_source_original_vs_source_instrumented_2026-03-21T03-08-03+00-00_b0e5937f: running - run - 
2026-03-21 03:08:18,805 [INFO] 任务 t_level_source_original_vs_source_instrumented_2026-03-21T03-08-03+00-00_b0e5937f: running - run - 
2026-03-21 03:08:19,137 [INFO] 任务 t_level_source_original_vs_source_instrumented_2026-03-21T03-08-03+00-00_b0e5937f: running - run - 
2026-03-21 03:08:19,469 [INFO] 任务 t_level_source_original_vs_source_instrumented_2026-03-21T03-08-03+00-00_b0e5937f: running - run - 
2026-03-21 03:08:19,811 [INFO] 任务 t_level_source_original_vs_source_instrumented_2026-03-21T03-08-03+00-00_b0e5937f: running - run - 
2026-03-21 03:08:19,817 [INFO] 任务 t_level_source_original_vs_source_instrumented_2026-03-21T03-08-03+00-00_b0e5937f: done - done - 完成：baseline mean=0.310s, prio mean=0.330s
2026-03-21 03:08:19,818 [INFO] 任务 t_level_source_original_vs_source_instrumented_2026-03-21T03-08-03+00-00_b0e5937f 完成: 完成：baseline mean=0.310s, prio mean=0.330s
2026-03-21 03:08:19,818 [INFO] 结果目录: /home/firefly/Desktop/ScratchDAG/experiment/第四次实验结果/rk3588/rough_zhang3_ws10_r10/zhang3_5algo_ws10_r10_cpu01_sudo/2026-03-21T03-08-11+00-00_ws10_r10
2026-03-21 03:08:19,818 [INFO] 任务 zhao2020_source_original_vs_source_instrumented_2026-03-21T03-08-03+00-00_43146a0b: running - setup - 
2026-03-21 03:08:19,836 [INFO] 任务 zhao2020_source_original_vs_source_instrumented_2026-03-21T03-08-03+00-00_43146a0b: running - copy - 
2026-03-21 03:08:19,846 [INFO] 任务 zhao2020_source_original_vs_source_instrumented_2026-03-21T03-08-03+00-00_43146a0b: running - compile - 
2026-03-21 03:08:20,349 [INFO] 任务 zhao2020_source_original_vs_source_instrumented_2026-03-21T03-08-03+00-00_43146a0b: running - compile - 
2026-03-21 03:08:20,840 [INFO] 任务 zhao2020_source_original_vs_source_instrumented_2026-03-21T03-08-03+00-00_43146a0b: running - compile - 
2026-03-21 03:08:20,841 [INFO] 任务 zhao2020_source_original_vs_source_instrumented_2026-03-21T03-08-03+00-00_43146a0b: running - run - 
2026-03-21 03:08:21,179 [INFO] 任务 zhao2020_source_original_vs_source_instrumented_2026-03-21T03-08-03+00-00_43146a0b: running - run - 
2026-03-21 03:08:21,499 [INFO] 任务 zhao2020_source_original_vs_source_instrumented_2026-03-21T03-08-03+00-00_43146a0b: running - run - 
2026-03-21 03:08:21,832 [INFO] 任务 zhao2020_source_original_vs_source_instrumented_2026-03-21T03-08-03+00-00_43146a0b: running - run - 
2026-03-21 03:08:22,152 [INFO] 任务 zhao2020_source_original_vs_source_instrumented_2026-03-21T03-08-03+00-00_43146a0b: running - run - 
2026-03-21 03:08:22,482 [INFO] 任务 zhao2020_source_original_vs_source_instrumented_2026-03-21T03-08-03+00-00_43146a0b: running - run - 
2026-03-21 03:08:22,802 [INFO] 任务 zhao2020_source_original_vs_source_instrumented_2026-03-21T03-08-03+00-00_43146a0b: running - run - 
2026-03-21 03:08:23,126 [INFO] 任务 zhao2020_source_original_vs_source_instrumented_2026-03-21T03-08-03+00-00_43146a0b: running - run - 
2026-03-21 03:08:23,480 [INFO] 任务 zhao2020_source_original_vs_source_instrumented_2026-03-21T03-08-03+00-00_43146a0b: running - run - 
2026-03-21 03:08:23,813 [INFO] 任务 zhao2020_source_original_vs_source_instrumented_2026-03-21T03-08-03+00-00_43146a0b: running - run - 
2026-03-21 03:08:24,134 [INFO] 任务 zhao2020_source_original_vs_source_instrumented_2026-03-21T03-08-03+00-00_43146a0b: running - run - 
2026-03-21 03:08:24,466 [INFO] 任务 zhao2020_source_original_vs_source_instrumented_2026-03-21T03-08-03+00-00_43146a0b: running - run - 
2026-03-21 03:08:24,794 [INFO] 任务 zhao2020_source_original_vs_source_instrumented_2026-03-21T03-08-03+00-00_43146a0b: running - run - 
2026-03-21 03:08:25,133 [INFO] 任务 zhao2020_source_original_vs_source_instrumented_2026-03-21T03-08-03+00-00_43146a0b: running - run - 
2026-03-21 03:08:25,453 [INFO] 任务 zhao2020_source_original_vs_source_instrumented_2026-03-21T03-08-03+00-00_43146a0b: running - run - 
2026-03-21 03:08:25,793 [INFO] 任务 zhao2020_source_original_vs_source_instrumented_2026-03-21T03-08-03+00-00_43146a0b: running - run - 
2026-03-21 03:08:26,113 [INFO] 任务 zhao2020_source_original_vs_source_instrumented_2026-03-21T03-08-03+00-00_43146a0b: running - run - 
2026-03-21 03:08:26,444 [INFO] 任务 zhao2020_source_original_vs_source_instrumented_2026-03-21T03-08-03+00-00_43146a0b: running - run - 
2026-03-21 03:08:26,779 [INFO] 任务 zhao2020_source_original_vs_source_instrumented_2026-03-21T03-08-03+00-00_43146a0b: running - run - 
2026-03-21 03:08:27,114 [INFO] 任务 zhao2020_source_original_vs_source_instrumented_2026-03-21T03-08-03+00-00_43146a0b: running - run - 
2026-03-21 03:08:27,438 [INFO] 任务 zhao2020_source_original_vs_source_instrumented_2026-03-21T03-08-03+00-00_43146a0b: running - run - 
2026-03-21 03:08:27,445 [INFO] 任务 zhao2020_source_original_vs_source_instrumented_2026-03-21T03-08-03+00-00_43146a0b: done - done - 完成：baseline mean=0.313s, prio mean=0.307s
2026-03-21 03:08:27,446 [INFO] 任务 zhao2020_source_original_vs_source_instrumented_2026-03-21T03-08-03+00-00_43146a0b 完成: 完成：baseline mean=0.313s, prio mean=0.307s
2026-03-21 03:08:27,446 [INFO] 结果目录: /home/firefly/Desktop/ScratchDAG/experiment/第四次实验结果/rk3588/rough_zhang3_ws10_r10/zhang3_5algo_ws10_r10_cpu01_sudo/2026-03-21T03-08-19+00-00_ws10_r10
2026-03-21 03:08:27,447 [INFO] 任务 wcet_first_source_original_vs_source_instrumented_2026-03-21T03-08-03+00-00_d04e82b3: running - setup - 
2026-03-21 03:08:27,464 [INFO] 任务 wcet_first_source_original_vs_source_instrumented_2026-03-21T03-08-03+00-00_d04e82b3: running - copy - 
2026-03-21 03:08:27,475 [INFO] 任务 wcet_first_source_original_vs_source_instrumented_2026-03-21T03-08-03+00-00_d04e82b3: running - compile - 
2026-03-21 03:08:27,854 [INFO] 任务 wcet_first_source_original_vs_source_instrumented_2026-03-21T03-08-03+00-00_d04e82b3: running - compile - 
2026-03-21 03:08:28,348 [INFO] 任务 wcet_first_source_original_vs_source_instrumented_2026-03-21T03-08-03+00-00_d04e82b3: running - compile - 
2026-03-21 03:08:28,349 [INFO] 任务 wcet_first_source_original_vs_source_instrumented_2026-03-21T03-08-03+00-00_d04e82b3: running - run - 
2026-03-21 03:08:28,732 [INFO] 任务 wcet_first_source_original_vs_source_instrumented_2026-03-21T03-08-03+00-00_d04e82b3: running - run - 
2026-03-21 03:08:29,149 [INFO] 任务 wcet_first_source_original_vs_source_instrumented_2026-03-21T03-08-03+00-00_d04e82b3: running - run - 
2026-03-21 03:08:29,475 [INFO] 任务 wcet_first_source_original_vs_source_instrumented_2026-03-21T03-08-03+00-00_d04e82b3: running - run - 
2026-03-21 03:08:29,810 [INFO] 任务 wcet_first_source_original_vs_source_instrumented_2026-03-21T03-08-03+00-00_d04e82b3: running - run - 
2026-03-21 03:08:30,133 [INFO] 任务 wcet_first_source_original_vs_source_instrumented_2026-03-21T03-08-03+00-00_d04e82b3: running - run - 
2026-03-21 03:08:30,469 [INFO] 任务 wcet_first_source_original_vs_source_instrumented_2026-03-21T03-08-03+00-00_d04e82b3: running - run - 
2026-03-21 03:08:30,794 [INFO] 任务 wcet_first_source_original_vs_source_instrumented_2026-03-21T03-08-03+00-00_d04e82b3: running - run - 
2026-03-21 03:08:31,131 [INFO] 任务 wcet_first_source_original_vs_source_instrumented_2026-03-21T03-08-03+00-00_d04e82b3: running - run - 
2026-03-21 03:08:31,462 [INFO] 任务 wcet_first_source_original_vs_source_instrumented_2026-03-21T03-08-03+00-00_d04e82b3: running - run - 
2026-03-21 03:08:31,798 [INFO] 任务 wcet_first_source_original_vs_source_instrumented_2026-03-21T03-08-03+00-00_d04e82b3: running - run - 
2026-03-21 03:08:32,123 [INFO] 任务 wcet_first_source_original_vs_source_instrumented_2026-03-21T03-08-03+00-00_d04e82b3: running - run - 
2026-03-21 03:08:32,462 [INFO] 任务 wcet_first_source_original_vs_source_instrumented_2026-03-21T03-08-03+00-00_d04e82b3: running - run - 
2026-03-21 03:08:32,792 [INFO] 任务 wcet_first_source_original_vs_source_instrumented_2026-03-21T03-08-03+00-00_d04e82b3: running - run - 
2026-03-21 03:08:33,127 [INFO] 任务 wcet_first_source_original_vs_source_instrumented_2026-03-21T03-08-03+00-00_d04e82b3: running - run - 
2026-03-21 03:08:33,459 [INFO] 任务 wcet_first_source_original_vs_source_instrumented_2026-03-21T03-08-03+00-00_d04e82b3: running - run - 
2026-03-21 03:08:33,885 [INFO] 任务 wcet_first_source_original_vs_source_instrumented_2026-03-21T03-08-03+00-00_d04e82b3: running - run - 
2026-03-21 03:08:34,214 [INFO] 任务 wcet_first_source_original_vs_source_instrumented_2026-03-21T03-08-03+00-00_d04e82b3: running - run - 
2026-03-21 03:08:34,552 [INFO] 任务 wcet_first_source_original_vs_source_instrumented_2026-03-21T03-08-03+00-00_d04e82b3: running - run - 
2026-03-21 03:08:34,874 [INFO] 任务 wcet_first_source_original_vs_source_instrumented_2026-03-21T03-08-03+00-00_d04e82b3: running - run - 
2026-03-21 03:08:35,220 [INFO] 任务 wcet_first_source_original_vs_source_instrumented_2026-03-21T03-08-03+00-00_d04e82b3: running - run - 
2026-03-21 03:08:35,227 [INFO] 任务 wcet_first_source_original_vs_source_instrumented_2026-03-21T03-08-03+00-00_d04e82b3: done - done - 完成：baseline mean=0.311s, prio mean=0.334s
2026-03-21 03:08:35,227 [INFO] 任务 wcet_first_source_original_vs_source_instrumented_2026-03-21T03-08-03+00-00_d04e82b3 完成: 完成：baseline mean=0.311s, prio mean=0.334s
2026-03-21 03:08:35,227 [INFO] 结果目录: /home/firefly/Desktop/ScratchDAG/experiment/第四次实验结果/rk3588/rough_zhang3_ws10_r10/zhang3_5algo_ws10_r10_cpu01_sudo/2026-03-21T03-08-27+00-00_ws10_r10
2026-03-21 03:08:35,228 [INFO] 任务 heft_source_original_vs_source_instrumented_2026-03-21T03-08-03+00-00_3f51d484: running - setup - 
2026-03-21 03:08:35,246 [INFO] 任务 heft_source_original_vs_source_instrumented_2026-03-21T03-08-03+00-00_3f51d484: running - copy - 
2026-03-21 03:08:35,257 [INFO] 任务 heft_source_original_vs_source_instrumented_2026-03-21T03-08-03+00-00_3f51d484: running - compile - 
2026-03-21 03:08:35,726 [INFO] 任务 heft_source_original_vs_source_instrumented_2026-03-21T03-08-03+00-00_3f51d484: running - compile - 
2026-03-21 03:08:36,206 [INFO] 任务 heft_source_original_vs_source_instrumented_2026-03-21T03-08-03+00-00_3f51d484: running - compile - 
2026-03-21 03:08:36,207 [INFO] 任务 heft_source_original_vs_source_instrumented_2026-03-21T03-08-03+00-00_3f51d484: running - run - 
2026-03-21 03:08:36,554 [INFO] 任务 heft_source_original_vs_source_instrumented_2026-03-21T03-08-03+00-00_3f51d484: running - run - 
2026-03-21 03:08:36,874 [INFO] 任务 heft_source_original_vs_source_instrumented_2026-03-21T03-08-03+00-00_3f51d484: running - run - 
2026-03-21 03:08:37,204 [INFO] 任务 heft_source_original_vs_source_instrumented_2026-03-21T03-08-03+00-00_3f51d484: running - run - 
2026-03-21 03:08:37,524 [INFO] 任务 heft_source_original_vs_source_instrumented_2026-03-21T03-08-03+00-00_3f51d484: running - run - 
2026-03-21 03:08:37,845 [INFO] 任务 heft_source_original_vs_source_instrumented_2026-03-21T03-08-03+00-00_3f51d484: running - run - 
2026-03-21 03:08:38,169 [INFO] 任务 heft_source_original_vs_source_instrumented_2026-03-21T03-08-03+00-00_3f51d484: running - run - 
2026-03-21 03:08:38,491 [INFO] 任务 heft_source_original_vs_source_instrumented_2026-03-21T03-08-03+00-00_3f51d484: running - run - 
2026-03-21 03:08:38,816 [INFO] 任务 heft_source_original_vs_source_instrumented_2026-03-21T03-08-03+00-00_3f51d484: running - run - 
2026-03-21 03:08:39,147 [INFO] 任务 heft_source_original_vs_source_instrumented_2026-03-21T03-08-03+00-00_3f51d484: running - run - 
2026-03-21 03:08:39,546 [INFO] 任务 heft_source_original_vs_source_instrumented_2026-03-21T03-08-03+00-00_3f51d484: running - run - 
2026-03-21 03:08:39,877 [INFO] 任务 heft_source_original_vs_source_instrumented_2026-03-21T03-08-03+00-00_3f51d484: running - run - 
2026-03-21 03:08:40,278 [INFO] 任务 heft_source_original_vs_source_instrumented_2026-03-21T03-08-03+00-00_3f51d484: running - run - 
2026-03-21 03:08:40,618 [INFO] 任务 heft_source_original_vs_source_instrumented_2026-03-21T03-08-03+00-00_3f51d484: running - run - 
2026-03-21 03:08:40,938 [INFO] 任务 heft_source_original_vs_source_instrumented_2026-03-21T03-08-03+00-00_3f51d484: running - run - 
2026-03-21 03:08:41,272 [INFO] 任务 heft_source_original_vs_source_instrumented_2026-03-21T03-08-03+00-00_3f51d484: running - run - 
2026-03-21 03:08:41,652 [INFO] 任务 heft_source_original_vs_source_instrumented_2026-03-21T03-08-03+00-00_3f51d484: running - run - 
2026-03-21 03:08:41,985 [INFO] 任务 heft_source_original_vs_source_instrumented_2026-03-21T03-08-03+00-00_3f51d484: running - run - 
2026-03-21 03:08:42,306 [INFO] 任务 heft_source_original_vs_source_instrumented_2026-03-21T03-08-03+00-00_3f51d484: running - run - 
2026-03-21 03:08:42,631 [INFO] 任务 heft_source_original_vs_source_instrumented_2026-03-21T03-08-03+00-00_3f51d484: running - run - 
2026-03-21 03:08:42,953 [INFO] 任务 heft_source_original_vs_source_instrumented_2026-03-21T03-08-03+00-00_3f51d484: running - run - 
2026-03-21 03:08:42,960 [INFO] 任务 heft_source_original_vs_source_instrumented_2026-03-21T03-08-03+00-00_3f51d484: done - done - 完成：baseline mean=0.311s, prio mean=0.324s
2026-03-21 03:08:42,960 [INFO] 任务 heft_source_original_vs_source_instrumented_2026-03-21T03-08-03+00-00_3f51d484 完成: 完成：baseline mean=0.311s, prio mean=0.324s
2026-03-21 03:08:42,960 [INFO] 结果目录: /home/firefly/Desktop/ScratchDAG/experiment/第四次实验结果/rk3588/rough_zhang3_ws10_r10/zhang3_5algo_ws10_r10_cpu01_sudo/2026-03-21T03-08-35+00-00_ws10_r10
2026-03-21 03:08:42,995 [INFO] 所有任务已完成
2026-03-21 03:08:42,995 [INFO] 关闭 CLI 管理器...
