=== Pipeline 完整流程: dag3 ===
    源文件: /home/chove/Desktop/ASAP/ScratchDAG/源文件/dag3/dag3.c
    level=level2, rule=effective_line_merge
    算法: cpf, heft, lpf, t_level, wcet_first, zhao2020

=== 第1阶段: 源码准备 ===
    ✓ 源文件: /home/chove/Desktop/ASAP/ScratchDAG/源文件/dag3/dag3.c
=== 第2阶段: 编译展开 ===
    ✓ expand: /home/chove/Desktop/ASAP/ScratchDAG/源文件/dag3/dag3.c.233r.expand
=== 第3阶段: DAG 生成 ===
    ✓ threads 视图生成完成
    ✓ 完整 DAG 视图生成完成
    ✓ DAG 生成完成
=== 第4阶段: Collect ===
    ✓ Collect 完成
=== 第5阶段: Blocks ===
    ✓ Blocks 完成
=== 第6阶段: Timing ===
    ✓ Timing 完成
=== 第7阶段: Schedule ===
    ✓ cpf: 77 个优先级
    ✓ heft: 77 个优先级
    ✓ lpf: 77 个优先级
    ✓ t_level: 77 个优先级
    ✓ wcet_first: 77 个优先级
    ✓ zhao2020: 77 个优先级
=== 第8阶段: Instrument ===
    ✓ cpf: 77 个优先级插桩
    ✓ heft: 77 个优先级插桩
    ✓ lpf: 77 个优先级插桩
    ✓ t_level: 77 个优先级插桩
    ✓ wcet_first: 77 个优先级插桩
    ✓ zhao2020: 77 个优先级插桩

=== 完成: dag3 全部 8 个阶段 ===
    result: /home/chove/Desktop/ASAP/ScratchDAG/中间结果/dag3/pipeline/instrument/level2/effective_line_merge/result
    timing: /home/chove/Desktop/ASAP/ScratchDAG/中间结果/dag3/pipeline/instrument/level2/effective_line_merge/timing
